[www.nikepoi3-ofc.my.id/index.html]
[poweredby.jads.co/js/jads.js]
[backblue.gif]
[fade.gif]
[index.html]
[www.nikepoi3-ofc.my.id/favicon.ico]
[www.nikepoi3-ofc.my.id/feeds/posts/default]
[www.nikepoi3-ofc.my.id/feeds/posts/default9522]
[cdnjs.cloudflare.com/ajax/libs/font-awesome/6.4.2/css/all.min.css]
[blogger.googleusercontent.com/img/b/R29vZ2xl/AVvXsEipfZG39HoFHz586tUEgMlyoFofeRaQlWqvluRXI04/s16000/feat-bg.png]
[blogger.googleusercontent.com/img/b/R29vZ2xl/AVvXsEjB20Cy6jn1z8HAbITJaXct_dJ6FTwe9wwoGWVgQWT/s16000/feat-bg-2.png]
[connect.facebook.net/en_US/sdk.js]
[1.bp.blogspot.com/-rI4UCIrwEI4/YN3nGkf0nCI/AAAAAAAAAD0/DQ6fW7eCps8NL7S0oh374KFg1MsWUf2GQCLcBGAsYHQ/w72-h72-p-k-no-nu/ptb-nth.png]
[www.nikepoi3-ofc.my.id/{homepage}.9.delayed]
[www.nikepoi3-ofc.my.id/search.html]
[www.nikepoi3-ofc.my.id/2025/07/coplas-random.html]
[www.nikepoi3-ofc.my.id/2025/07/aca.html]
[www.nikepoi3-ofc.my.id/2025/07/orang-random.html]
[www.nikepoi3-ofc.my.id/2025/07/main-sama-mamah.html]
[www.nikepoi3-ofc.my.id/2025/07/hijab.html]
[www.nikepoi3-ofc.my.id/2025/07/azmania.html]
[www.nikepoi3-ofc.my.id/2025/07/ms-seti.html]
[js.juicyads.com/juicyads.native-ads.min.js]
[www.nikepoi3-ofc.my.id/2025/07/masih-putih-abu.html]
[www.nikepoi3-ofc.my.id/2025/06/ve.html]
[www.nikepoi3-ofc.my.id/search/label/Asia.html]
[www.nikepoi3-ofc.my.id/search/label/Barat.html]
[www.nikepoi3-ofc.my.id/search/label/cosplay.html]
[www.nikepoi3-ofc.my.id/search/label/hijab.html]
[www.nikepoi3-ofc.my.id/search/label/Live.html]
[www.nikepoi3-ofc.my.id/search/label/Lokal.html]
[www.nikepoi3-ofc.my.id/search/label/ngw.html]
[www.nikepoi3-ofc.my.id/search/label/Ochial.html]
[www.nikepoi3-ofc.my.id/search/label/Ocieil.html]
[www.nikepoi3-ofc.my.id/search/label/Omck.html]
[www.nikepoi3-ofc.my.id/responsive/sprite_v1_6.css.svg]
[www.nikepoi3-ofc.my.id/search/label/Talent.html]
[www.nikepoi3-ofc.my.id/2025/07/haley.html]
[www.nikepoi3-ofc.my.id/2025/index.html]
[www.nikepoi3-ofc.my.id/2025/07/index.html]
[www.nikepoi3-ofc.my.id/2025/07/main-di-luar.html]
[www.nikepoi3-ofc.my.id/2025/07/cake.html]
[cdnjs.cloudflare.com/ajax/libs/jquery/3.5.1/jquery.min.js]
[www.blogger.com/static/v1/widgets/1447683341-widgets.js]
[www.nikepoi3-ofc.my.id/index.html]
[cdnjs.cloudflare.com/ajax/libs/font-awesome/6.4.2/css/all.min.css]
[connect.facebook.net/en_US/sdk.js]
[www.nikepoi3-ofc.my.id/{homepage}.html]
[www.nikepoi3-ofc.my.id/2025/06/index.html]
[www.nikepoi3-ofc.my.id/2025/06/nekopara-aras.html]
[www.nikepoi3-ofc.my.id/2025/06/kaka-ipar.html]
[www.nikepoi3-ofc.my.id/2025/06/miss-gea.html]
[www.nikepoi3-ofc.my.id/2025/06/asiakopal.html]
[www.nikepoi3-ofc.my.id/2025/06/nova.html]
[www.nikepoi3-ofc.my.id/2025/06/ayu.html]
[www.nikepoi3-ofc.my.id/2025/06/nova-ts.html]
[www.nikepoi3-ofc.my.id/search.html]
[www.nikepoi3-ofc.my.id/2025/06/icha1.html]
[www.nikepoi3-ofc.my.id/feeds/1669106523139190138/comments/default]
[www.nikepoi3-ofc.my.id/2025/07/{homepage}.30.delayed]
[blogger.googleusercontent.com/img/b/R29vZ2xl/AVvXsEjzqAZ2gtgYVLc_Vy64ME2zg6OzPKkELH2_TH6xZHg/s720/1000780877.jpg]
[blogger.googleusercontent.com/img/b/R29vZ2xl/AVvXsEjzqAZ2gtgYVLc_Vy64ME2zg6OzPKkELH2_TH6xZHg/s320/1000780877.jpg]
[www.blogger.com/static/v1/jsbin/1167892209-comment_from_post_iframe.js]
[www.nikepoi3-ofc.my.id/2025/07/coplas-random.html]
[www.nikepoi3-ofc.my.id/feeds/8786750442298659608/comments/default]
[blogger.googleusercontent.com/img/b/R29vZ2xl/AVvXsEjMJzEI7Cqc40I618XB8vgIlgwwbHETzBe8sS6_dgW/s320/1000780646.jpg]
[www.nikepoi3-ofc.my.id/2025/07/aca.html]
[www.nikepoi3-ofc.my.id/feeds/2623717574436698213/comments/default]
[blogger.googleusercontent.com/img/b/R29vZ2xl/AVvXsEhvnqxn0dP5PpN0gRJd5HUiRhjJfHe1CDYCH-TXfF3/s1016/1000779704.jpg]
[blogger.googleusercontent.com/img/b/R29vZ2xl/AVvXsEhvnqxn0dP5PpN0gRJd5HUiRhjJfHe1CDYCH-TXfF3/s320/1000779704.jpg]
[www.nikepoi3-ofc.my.id/2025/07/orang-random.html]
[www.nikepoi3-ofc.my.id/feeds/6250774585817449837/comments/default]
[blogger.googleusercontent.com/img/b/R29vZ2xl/AVvXsEiigo4WAXwu2kJWeU9gbBZn_Az17xsqZ4-9nU3GjAg/s1160/1000779480.jpg]
[blogger.googleusercontent.com/img/b/R29vZ2xl/AVvXsEiigo4WAXwu2kJWeU9gbBZn_Az17xsqZ4-9nU3GjAg/s320/1000779480.jpg]
[www.nikepoi3-ofc.my.id/2025/07/main-sama-mamah.html]
[www.nikepoi3-ofc.my.id/feeds/5823727164496800421/comments/default]
[blogger.googleusercontent.com/img/b/R29vZ2xl/AVvXsEivHbrkOWrcLVr7mL65hGsm-G0qkfC30rbLc2j6Rg2/s320/1000779373.jpg]
[www.nikepoi3-ofc.my.id/2025/07/hijab.html]
[www.nikepoi3-ofc.my.id/feeds/1031500969313292655/comments/default]
[blogger.googleusercontent.com/img/b/R29vZ2xl/AVvXsEjRUhVEYqHWPkWsW6Dh9JGlOC1t3EkNhvKqmiQFXIF/s1600/1000779281.jpg]
[blogger.googleusercontent.com/img/b/R29vZ2xl/AVvXsEjRUhVEYqHWPkWsW6Dh9JGlOC1t3EkNhvKqmiQFXIF/s320/1000779281.jpg]
[www.nikepoi3-ofc.my.id/2025/07/azmania.html]
[www.nikepoi3-ofc.my.id/feeds/3794514640821557353/comments/default]
[blogger.googleusercontent.com/img/b/R29vZ2xl/AVvXsEhgv6l96XV8pQbFLfI5wSEePlmjLqjCWvG6wKncZZa/s1200/1000778983.jpg]
[blogger.googleusercontent.com/img/b/R29vZ2xl/AVvXsEhgv6l96XV8pQbFLfI5wSEePlmjLqjCWvG6wKncZZa/s320/1000778983.jpg]
[www.nikepoi3-ofc.my.id/2025/07/ms-seti.html]
[www.nikepoi3-ofc.my.id/feeds/5091529482461269451/comments/default]
[blogger.googleusercontent.com/img/b/R29vZ2xl/AVvXsEjoaOmvx_Bs413TVzwIXJmzCpw2kOXUtDRlREl9F-l/s871/1000778734.jpg]
[blogger.googleusercontent.com/img/b/R29vZ2xl/AVvXsEjoaOmvx_Bs413TVzwIXJmzCpw2kOXUtDRlREl9F-l/s320/1000778734.jpg]
[www.nikepoi3-ofc.my.id/2025/07/masih-putih-abu.html]
[www.nikepoi3-ofc.my.id/feeds/2757616975559741185/comments/default]
[www.nikepoi3-ofc.my.id/2025/06/{homepage}.48.delayed]
[blogger.googleusercontent.com/img/b/R29vZ2xl/AVvXsEhzZBlJATI_TNunVT34H-9hQFOFviTKFofGoXWSAKC/s818/1000776273.jpg]
[blogger.googleusercontent.com/img/b/R29vZ2xl/AVvXsEhzZBlJATI_TNunVT34H-9hQFOFviTKFofGoXWSAKC/s320/1000776273.jpg]
[www.nikepoi3-ofc.my.id/2025/06/bu-lurah.html]
[www.nikepoi3-ofc.my.id/2025/06/kakak-ipar.html]
[www.nikepoi3-ofc.my.id/2025/06/driling.html]
[www.nikepoi3-ofc.my.id/2025/06/vvip-amel.html]
[www.nikepoi3-ofc.my.id/2025/06/ello-x-msbrewc.html]
[www.nikepoi3-ofc.my.id/2025/06/japir.html]
[www.nikepoi3-ofc.my.id/2025/06/rahma.html]
[www.nikepoi3-ofc.my.id/2025/06/dikelas.html]
[www.nikepoi3-ofc.my.id/2025/06/main-di-ruang-tamu.html]
[www.nikepoi3-ofc.my.id/2025/06/sesuai-pict.html]
[www.nikepoi3-ofc.my.id/2025/06/aira.html]
[www.nikepoi3-ofc.my.id/2025/06/depan-kca.html]
[www.nikepoi3-ofc.my.id/2025/06/amelia.html]
[www.nikepoi3-ofc.my.id/2025/06/asia4-cod.html]
[www.nikepoi3-ofc.my.id/2025/06/asia2.html]
[www.nikepoi3-ofc.my.id/2025/06/kacamata.html]
[www.nikepoi3-ofc.my.id/2025/06/neko.html]
[www.nikepoi3-ofc.my.id/2025/06/lokal.html]
[www.nikepoi3-ofc.my.id/2025/06/babytay.html]
[www.nikepoi3-ofc.my.id/2025/06/rem-costplay.html]
[www.nikepoi3-ofc.my.id/2025/06/angel6.html]
[www.nikepoi3-ofc.my.id/2025/06/live.html]
[www.nikepoi3-ofc.my.id/2025/06/hijab.html]
[www.nikepoi3-ofc.my.id/2025/06/vany.html]
[www.nikepoi3-ofc.my.id/2025/06/Vany-2.html]
[www.nikepoi3-ofc.my.id/2025/06/ve.html]
[www.nikepoi3-ofc.my.id/2025/06/spdergril.html]
[www.nikepoi3-ofc.my.id/search/label/Asia.html]
[www.nikepoi3-ofc.my.id/search/label/Barat.html]
[www.nikepoi3-ofc.my.id/search/label/cosplay.html]
[www.nikepoi3-ofc.my.id/search/label/hijab.html]
[www.nikepoi3-ofc.my.id/search/label/Live.html]
[www.nikepoi3-ofc.my.id/search/label/Lokal.html]
[www.nikepoi3-ofc.my.id/search/label/ngw.html]
[www.nikepoi3-ofc.my.id/search/label/Ochial.html]
[www.nikepoi3-ofc.my.id/search/label/Ocieil.html]
[www.nikepoi3-ofc.my.id/search/label/Omck.html]
[www.nikepoi3-ofc.my.id/search/label/Talent.html]
[www.nikepoi3-ofc.my.id/responsive/sprite_v1_6.css.svg]
[www.nikepoi3-ofc.my.id/search/label/{homepage}.html]
[www.nikepoi3-ofc.my.id/2025/{homepage}.66.delayed]
[www.nikepoi3-ofc.my.id/2025/index.html]
[www.nikepoi3-ofc.my.id/2025/07/index.html]
[www.nikepoi3-ofc.my.id/feeds/6445402360439919597/comments/default]
[blogger.googleusercontent.com/img/b/R29vZ2xl/AVvXsEiJRGH_xyTPsc3eyHrwyznX9Z2rKPNmHoFu2rNnM16/s1280/1000778521.jpg]
[blogger.googleusercontent.com/img/b/R29vZ2xl/AVvXsEiJRGH_xyTPsc3eyHrwyznX9Z2rKPNmHoFu2rNnM16/s320/1000778521.jpg]
[www.nikepoi3-ofc.my.id/2025/07/haley.html]
[www.nikepoi3-ofc.my.id/feeds/5008869472182356343/comments/default]
[blogger.googleusercontent.com/img/b/R29vZ2xl/AVvXsEguf_Ne3-N6Y0WOG8SOcqB5SM-doJmETNRozjxfyjH/s888/1000778234.jpg]
[blogger.googleusercontent.com/img/b/R29vZ2xl/AVvXsEguf_Ne3-N6Y0WOG8SOcqB5SM-doJmETNRozjxfyjH/s320/1000778234.jpg]
[www.nikepoi3-ofc.my.id/2025/07/main-di-luar.html]
[www.nikepoi3-ofc.my.id/feeds/1653236389527979176/comments/default]
[blogger.googleusercontent.com/img/b/R29vZ2xl/AVvXsEj3YXPFl1WAB0p8c_T246j5lcnBQjc5H1i2CaqX_rZ/s1308/1000778025.jpg]
[blogger.googleusercontent.com/img/b/R29vZ2xl/AVvXsEj3YXPFl1WAB0p8c_T246j5lcnBQjc5H1i2CaqX_rZ/s320/1000778025.jpg]
[www.nikepoi3-ofc.my.id/2025/07/cake.html]
[www.nikepoi3-ofc.my.id/2025/06/index.html]
[www.nikepoi3-ofc.my.id/feeds/6424613809359567950/comments/default]
[blogger.googleusercontent.com/img/b/R29vZ2xl/AVvXsEgiy8UamlT_Ed8rqSYEQJOPzBRuCbjPuT1uJ5YfcZa/s720/1000777645.jpg]
[blogger.googleusercontent.com/img/b/R29vZ2xl/AVvXsEgiy8UamlT_Ed8rqSYEQJOPzBRuCbjPuT1uJ5YfcZa/s320/1000777645.jpg]
[www.nikepoi3-ofc.my.id/2025/06/nekopara-aras.html]
[www.nikepoi3-ofc.my.id/feeds/2432616434013676270/comments/default]
[blogger.googleusercontent.com/img/b/R29vZ2xl/AVvXsEixuAn8kJDBkRPsQ511koWKaFgakm5DCrXJbB10QVJ/s991/1000777508.jpg]
[blogger.googleusercontent.com/img/b/R29vZ2xl/AVvXsEixuAn8kJDBkRPsQ511koWKaFgakm5DCrXJbB10QVJ/s320/1000777508.jpg]
[www.blogger.com/img/blogger_logo_round_35.png]
[www.nikepoi3-ofc.my.id/2025/06/kaka-ipar.html]
[www.nikepoi3-ofc.my.id/2025/06/kaka-ipar0f13.html]
[www.nikepoi3-ofc.my.id/feeds/3224316443218654612/comments/default]
[blogger.googleusercontent.com/img/b/R29vZ2xl/AVvXsEiCckDS4VWzAAnDyMKFx1WZZgdZVjMr4SEMxH1KDIy/s610/IMG_20250630_183838.jpg]
[blogger.googleusercontent.com/img/b/R29vZ2xl/AVvXsEiCckDS4VWzAAnDyMKFx1WZZgdZVjMr4SEMxH1KDIy/s320/IMG_20250630_183838.jpg]
[www.nikepoi3-ofc.my.id/2025/06/miss-gea.html]
[www.nikepoi3-ofc.my.id/feeds/706326773998704545/comments/default]
[blogger.googleusercontent.com/img/b/R29vZ2xl/AVvXsEhi-MOTw-VJCRsLgOZNEzaKKhERy4cxOs3OWowdwIz/s495/1000777100.jpg]
[blogger.googleusercontent.com/img/b/R29vZ2xl/AVvXsEhi-MOTw-VJCRsLgOZNEzaKKhERy4cxOs3OWowdwIz/s320/1000777100.jpg]
[www.nikepoi3-ofc.my.id/2025/06/asiakopal.html]
[www.nikepoi3-ofc.my.id/feeds/3318804432315033676/comments/default]
[blogger.googleusercontent.com/img/b/R29vZ2xl/AVvXsEi9lkpZTMSHSjVdY_PUSAwsiZd2jdSNb1e_6wcHMj5/s720/1000776579.jpg]
[blogger.googleusercontent.com/img/b/R29vZ2xl/AVvXsEi9lkpZTMSHSjVdY_PUSAwsiZd2jdSNb1e_6wcHMj5/s320/1000776579.jpg]
[www.nikepoi3-ofc.my.id/2025/06/nova.html]
[www.nikepoi3-ofc.my.id/feeds/7241609871032979610/comments/default]
[blogger.googleusercontent.com/img/b/R29vZ2xl/AVvXsEgOyLvIQBuaGq0UPDesvoJTryB0mLm5sQpFCQg8pDO/s705/1000775538.jpg]
[blogger.googleusercontent.com/img/b/R29vZ2xl/AVvXsEgOyLvIQBuaGq0UPDesvoJTryB0mLm5sQpFCQg8pDO/s320/1000775538.jpg]
[www.nikepoi3-ofc.my.id/2025/06/ayu.html]
[www.nikepoi3-ofc.my.id/feeds/1521278283772460790/comments/default]
[blogger.googleusercontent.com/img/b/R29vZ2xl/AVvXsEhqJUK3kLzNdMAKnL1U7zj6j3Dc6bVm_VrextX-dCZ/s720/1000775165.jpg]
[blogger.googleusercontent.com/img/b/R29vZ2xl/AVvXsEhqJUK3kLzNdMAKnL1U7zj6j3Dc6bVm_VrextX-dCZ/s320/1000775165.jpg]
[www.nikepoi3-ofc.my.id/2025/06/nova-ts.html]
[www.nikepoi3-ofc.my.id/feeds/9049523136389806080/comments/default]
[blogger.googleusercontent.com/img/b/R29vZ2xl/AVvXsEgPoHlvNDmm7QXNhtgKdCRnMhc2hH2NSt9Gx3XaZDQ/s512/1000767501.jpg]
[blogger.googleusercontent.com/img/b/R29vZ2xl/AVvXsEgPoHlvNDmm7QXNhtgKdCRnMhc2hH2NSt9Gx3XaZDQ/s320/1000767501.jpg]
[www.nikepoi3-ofc.my.id/2025/06/icha1.html]
[www.blogger.com/dyn-css/authorization4c70.css]
[www.nikepoi3-ofc.my.id/2025/07/{homepage}.html]
[www.nikepoi3-ofc.my.id/2025/06/{homepage}.html]
[www.nikepoi3-ofc.my.id/feeds/1174885127147476160/comments/default]
[blogger.googleusercontent.com/img/b/R29vZ2xl/AVvXsEgJfxiS1ydvPxB2ozLQvmg4tujxUNcrMoXj1HSmuk1/s919/1000773981.jpg]
[blogger.googleusercontent.com/img/b/R29vZ2xl/AVvXsEgJfxiS1ydvPxB2ozLQvmg4tujxUNcrMoXj1HSmuk1/s320/1000773981.jpg]
[www.nikepoi3-ofc.my.id/2025/06/bu-lurah.html]
[www.nikepoi3-ofc.my.id/feeds/3922078487641596293/comments/default]
[blogger.googleusercontent.com/img/b/R29vZ2xl/AVvXsEgxAd-sDrFNp2Fl2721Qjf6WD8m2K68bIboLQhTnSH/s1156/1000773722.jpg]
[blogger.googleusercontent.com/img/b/R29vZ2xl/AVvXsEgxAd-sDrFNp2Fl2721Qjf6WD8m2K68bIboLQhTnSH/s320/1000773722.jpg]
[www.nikepoi3-ofc.my.id/2025/06/kakak-ipar.html]
[www.nikepoi3-ofc.my.id/feeds/4971215062028860451/comments/default]
[blogger.googleusercontent.com/img/b/R29vZ2xl/AVvXsEhNPqVAOfz0RoqhcGFNtxZxXPTp16XUBLiN1chzqTn/s736/1000773188.jpg]
[blogger.googleusercontent.com/img/b/R29vZ2xl/AVvXsEhNPqVAOfz0RoqhcGFNtxZxXPTp16XUBLiN1chzqTn/s320/1000773188.jpg]
[www.nikepoi3-ofc.my.id/2025/06/driling.html]
[www.nikepoi3-ofc.my.id/feeds/976106566915532668/comments/default]
[blogger.googleusercontent.com/img/b/R29vZ2xl/AVvXsEjbgi_SvFG6cdXgtsgx3pKWgGfmV08okdcGe-9WSx8/s1265/1000772562.jpg]
[blogger.googleusercontent.com/img/b/R29vZ2xl/AVvXsEjbgi_SvFG6cdXgtsgx3pKWgGfmV08okdcGe-9WSx8/s320/1000772562.jpg]
[www.nikepoi3-ofc.my.id/2025/06/vvip-amel.html]
[www.nikepoi3-ofc.my.id/feeds/1907734197335137791/comments/default]
[blogger.googleusercontent.com/img/b/R29vZ2xl/AVvXsEgdRoCPT7hyphenhyphenBVAfMHkWH7gmDedr1ETlG/s733/1000772143.jpg]
[blogger.googleusercontent.com/img/b/R29vZ2xl/AVvXsEgdRoCPT7hyphenhyphenBVAfMHkWH7gmDedr1ETlG/s320/1000772143.jpg]
[www.nikepoi3-ofc.my.id/2025/06/ello-x-msbrewc.html]
[www.nikepoi3-ofc.my.id/feeds/6253816039354544406/comments/default]
[blogger.googleusercontent.com/img/b/R29vZ2xl/AVvXsEi9PM8nmpXCakpioS4j1C0lP3eK7h9-otPn2w7CcFQ/s597/1000772032.jpg]
[blogger.googleusercontent.com/img/b/R29vZ2xl/AVvXsEi9PM8nmpXCakpioS4j1C0lP3eK7h9-otPn2w7CcFQ/s320/1000772032.jpg]
[www.nikepoi3-ofc.my.id/2025/06/japir.html]
[www.nikepoi3-ofc.my.id/feeds/8877920928450056877/comments/default]
[blogger.googleusercontent.com/img/b/R29vZ2xl/AVvXsEjf8vZh6D3g-hArulgSA1L_G3GjRMkiYtpYbrgtBuq/s1280/1000771629.jpg]
[blogger.googleusercontent.com/img/b/R29vZ2xl/AVvXsEjf8vZh6D3g-hArulgSA1L_G3GjRMkiYtpYbrgtBuq/s320/1000771629.jpg]
[www.nikepoi3-ofc.my.id/2025/06/rahma.html]
[www.nikepoi3-ofc.my.id/feeds/9071515240668605518/comments/default]
[blogger.googleusercontent.com/img/b/R29vZ2xl/AVvXsEg9UfPO7XZ13ZZkqh9pad8UTrUhuSp7xF68P0bA5Pq/s743/1000771452.jpg]
[blogger.googleusercontent.com/img/b/R29vZ2xl/AVvXsEg9UfPO7XZ13ZZkqh9pad8UTrUhuSp7xF68P0bA5Pq/s320/1000771452.jpg]
[www.nikepoi3-ofc.my.id/2025/06/dikelas.html]
[www.nikepoi3-ofc.my.id/feeds/6746959355644169605/comments/default]
[blogger.googleusercontent.com/img/b/R29vZ2xl/AVvXsEhOhcXamid1qAQzSM5Lij-36g51S8NcBi1K4lmUNGe/s341/1000771142.jpg]
[blogger.googleusercontent.com/img/b/R29vZ2xl/AVvXsEhOhcXamid1qAQzSM5Lij-36g51S8NcBi1K4lmUNGe/s320/1000771142.jpg]
[www.nikepoi3-ofc.my.id/2025/06/main-di-ruang-tamu.html]
[www.nikepoi3-ofc.my.id/feeds/5058157255227005278/comments/default]
[blogger.googleusercontent.com/img/b/R29vZ2xl/AVvXsEigq1IYOM3qBHqwUf8qeOMOJXJ5aiQhIrskM3vhFLw/s1612/1000770855.jpg]
[blogger.googleusercontent.com/img/b/R29vZ2xl/AVvXsEigq1IYOM3qBHqwUf8qeOMOJXJ5aiQhIrskM3vhFLw/s320/1000770855.jpg]
[www.nikepoi3-ofc.my.id/2025/06/sesuai-pict.html]
[www.nikepoi3-ofc.my.id/feeds/73613957536111695/comments/default]
[blogger.googleusercontent.com/img/b/R29vZ2xl/AVvXsEgb3-9DrJAxtGhsvjlgFqqnOZyqFllYWVfnYyOzkc0/s1280/1000770503.jpg]
[blogger.googleusercontent.com/img/b/R29vZ2xl/AVvXsEgb3-9DrJAxtGhsvjlgFqqnOZyqFllYWVfnYyOzkc0/s320/1000770503.jpg]
[www.nikepoi3-ofc.my.id/2025/06/aira.html]
[www.nikepoi3-ofc.my.id/feeds/409742197316595296/comments/default]
[blogger.googleusercontent.com/img/b/R29vZ2xl/AVvXsEhLesVOYNeZhmCaNTJO4uc0FV07rT4pHYhVgjgMJN8/s981/1000770183.jpg]
[blogger.googleusercontent.com/img/b/R29vZ2xl/AVvXsEhLesVOYNeZhmCaNTJO4uc0FV07rT4pHYhVgjgMJN8/s320/1000770183.jpg]
[www.nikepoi3-ofc.my.id/2025/06/depan-kca.html]
[www.nikepoi3-ofc.my.id/feeds/7934460058695289410/comments/default]
[blogger.googleusercontent.com/img/b/R29vZ2xl/AVvXsEiOld-6jHE9wGhe-LOCZ6aWpBCEr6ipqelQTnDOZQJ/s1280/1000769002.jpg]
[blogger.googleusercontent.com/img/b/R29vZ2xl/AVvXsEiOld-6jHE9wGhe-LOCZ6aWpBCEr6ipqelQTnDOZQJ/s320/1000769002.jpg]
[www.nikepoi3-ofc.my.id/2025/06/amelia.html]
[www.nikepoi3-ofc.my.id/feeds/5815671073179391147/comments/default]
[blogger.googleusercontent.com/img/b/R29vZ2xl/AVvXsEjOhvAhWJTFB_2PqDYmUOURyVSK0iLdwATGt7DiAkm/s512/1000767501.jpg]
[blogger.googleusercontent.com/img/b/R29vZ2xl/AVvXsEjOhvAhWJTFB_2PqDYmUOURyVSK0iLdwATGt7DiAkm/s320/1000767501.jpg]
[www.nikepoi3-ofc.my.id/2025/06/asia4-cod.html]
[www.nikepoi3-ofc.my.id/feeds/2389890091171571023/comments/default]
[blogger.googleusercontent.com/img/b/R29vZ2xl/AVvXsEgnan8Mawi77jmy-SsCXV7yEMM3z38AOvrrwNupWpw/s962/1000768174.jpg]
[blogger.googleusercontent.com/img/b/R29vZ2xl/AVvXsEgnan8Mawi77jmy-SsCXV7yEMM3z38AOvrrwNupWpw/s320/1000768174.jpg]
[www.nikepoi3-ofc.my.id/2025/06/asia2.html]
[www.nikepoi3-ofc.my.id/feeds/5495563901093166092/comments/default]
[blogger.googleusercontent.com/img/b/R29vZ2xl/AVvXsEgT6fLOJ_Jshxmw7sIS3WOx5tm830JHBOjJt8D8zgf/s720/1000767730.jpg]
[blogger.googleusercontent.com/img/b/R29vZ2xl/AVvXsEgT6fLOJ_Jshxmw7sIS3WOx5tm830JHBOjJt8D8zgf/s320/1000767730.jpg]
[www.nikepoi3-ofc.my.id/2025/06/kacamata.html]
[www.nikepoi3-ofc.my.id/feeds/1093261653416102755/comments/default]
[blogger.googleusercontent.com/img/b/R29vZ2xl/AVvXsEhaUBQuzR89Dv1ZLcrfuR3PWKSoL2QX3zLF-jm8QQF/s720/1000767484.jpg]
[blogger.googleusercontent.com/img/b/R29vZ2xl/AVvXsEhaUBQuzR89Dv1ZLcrfuR3PWKSoL2QX3zLF-jm8QQF/s320/1000767484.jpg]
[www.nikepoi3-ofc.my.id/2025/06/neko.html]
[www.nikepoi3-ofc.my.id/feeds/3399442994567777113/comments/default]
[blogger.googleusercontent.com/img/b/R29vZ2xl/AVvXsEiboxxg_t5OEPxdm1L6e47mPiLZeNiOtcJJXUcPS6Q/s1077/1000767070.jpg]
[blogger.googleusercontent.com/img/b/R29vZ2xl/AVvXsEiboxxg_t5OEPxdm1L6e47mPiLZeNiOtcJJXUcPS6Q/s320/1000767070.jpg]
[www.nikepoi3-ofc.my.id/2025/06/lokal.html]
[www.nikepoi3-ofc.my.id/feeds/6487214762033824270/comments/default]
[blogger.googleusercontent.com/img/b/R29vZ2xl/AVvXsEhIn27xVS8r5TJ2LijcJz4HFZYprLHrnE_fLIPrtuF/s720/1000766537.jpg]
[blogger.googleusercontent.com/img/b/R29vZ2xl/AVvXsEhIn27xVS8r5TJ2LijcJz4HFZYprLHrnE_fLIPrtuF/s320/1000766537.jpg]
[www.nikepoi3-ofc.my.id/2025/06/babytay.html]
[www.nikepoi3-ofc.my.id/feeds/4241077512120809157/comments/default]
[blogger.googleusercontent.com/img/b/R29vZ2xl/AVvXsEjzyE7J42htXhF_vU95Q9l_BvNe9KaiUBU5YWVaMR2/s866/1000766348.jpg]
[blogger.googleusercontent.com/img/b/R29vZ2xl/AVvXsEjzyE7J42htXhF_vU95Q9l_BvNe9KaiUBU5YWVaMR2/s320/1000766348.jpg]
[www.nikepoi3-ofc.my.id/2025/06/rem-costplay.html]
[www.nikepoi3-ofc.my.id/feeds/3252575385492676313/comments/default]
[blogger.googleusercontent.com/img/b/R29vZ2xl/AVvXsEiyiTvf0d6xGU174AjKOpJZkrFY_uWXFShulFvP1_3/s1500/1000766093.jpg]
[blogger.googleusercontent.com/img/b/R29vZ2xl/AVvXsEiyiTvf0d6xGU174AjKOpJZkrFY_uWXFShulFvP1_3/s320/1000766093.jpg]
[www.nikepoi3-ofc.my.id/2025/06/angel6.html]
[www.nikepoi3-ofc.my.id/feeds/3043729895845107679/comments/default]
[blogger.googleusercontent.com/img/b/R29vZ2xl/AVvXsEj_cINPs10aqSs1rfc7gV9BDagkA4m1hkb3HUduVWM/s894/1000765795.jpg]
[blogger.googleusercontent.com/img/b/R29vZ2xl/AVvXsEj_cINPs10aqSs1rfc7gV9BDagkA4m1hkb3HUduVWM/s320/1000765795.jpg]
[www.nikepoi3-ofc.my.id/2025/06/live.html]
[www.nikepoi3-ofc.my.id/feeds/2773344533497492938/comments/default]
[blogger.googleusercontent.com/img/b/R29vZ2xl/AVvXsEiLMa8Nz5zqr8u9JdwRn3p1d-iSWviPioLGinCJ-rx/s1600/1000765411.jpg]
[blogger.googleusercontent.com/img/b/R29vZ2xl/AVvXsEiLMa8Nz5zqr8u9JdwRn3p1d-iSWviPioLGinCJ-rx/s320/1000765411.jpg]
[www.nikepoi3-ofc.my.id/2025/06/hijab.html]
[www.nikepoi3-ofc.my.id/feeds/8999313230864834633/comments/default]
[blogger.googleusercontent.com/img/b/R29vZ2xl/AVvXsEiqGQSq_AunFsjNdW_IhuFidnecF50G71qTnq6-Hc-/s775/1000762932.jpg]
[blogger.googleusercontent.com/img/b/R29vZ2xl/AVvXsEiqGQSq_AunFsjNdW_IhuFidnecF50G71qTnq6-Hc-/s320/1000762932.jpg]
[www.nikepoi3-ofc.my.id/2025/06/vany.html]
[www.nikepoi3-ofc.my.id/feeds/6603453536276890574/comments/default]
[blogger.googleusercontent.com/img/b/R29vZ2xl/AVvXsEgMuwyZ1fXTu0zdgyGcEf1YEt81G6C1OfslM5Xn51e/s805/1000763269.jpg]
[blogger.googleusercontent.com/img/b/R29vZ2xl/AVvXsEgMuwyZ1fXTu0zdgyGcEf1YEt81G6C1OfslM5Xn51e/s320/1000763269.jpg]
[www.nikepoi3-ofc.my.id/2025/06/Vany-2.html]
[www.nikepoi3-ofc.my.id/feeds/3506472357668554311/comments/default]
[blogger.googleusercontent.com/img/b/R29vZ2xl/AVvXsEhUgjHCBjDX7kglmYuPtOhnY6jrDfkIgvt0VC1Uyc1/s904/1000764825.jpg]
[blogger.googleusercontent.com/img/b/R29vZ2xl/AVvXsEhUgjHCBjDX7kglmYuPtOhnY6jrDfkIgvt0VC1Uyc1/s320/1000764825.jpg]
[www.nikepoi3-ofc.my.id/2025/06/spdergril.html]
[www.nikepoi3-ofc.my.id/search/label/{homepage}.html]
[www.nikepoi3-ofc.my.id/2025/{homepage}.html]
[www.nikepoi3-ofc.my.id/2025/06/kaka-ipar0f13.html]
[www.nikepoi3-ofc.my.id/search/label/{homepage}-2.html]
[www.nikepoi3-ofc.my.id/search/label/{homepage}-2.html]
